// Jest Snapshot v1, https://goo.gl/fbAQLP

exports[`RegistrationPage matches snapshot 1`] = `
<DocumentFragment>
  <div
    class="MuiContainer-root MuiContainer-maxWidthSm css-zzzaw2-MuiContainer-root"
  >
    <div
      class="MuiPaper-root MuiPaper-elevation MuiPaper-rounded MuiPaper-elevation1 MuiCard-root css-gn0i82-MuiPaper-root-MuiCard-root"
      style="--Paper-shadow: 0px 2px 1px -1px rgba(0,0,0,0.2),0px 1px 1px 0px rgba(0,0,0,0.14),0px 1px 3px 0px rgba(0,0,0,0.12);"
    >
      <h6
        class="MuiTypography-root MuiTypography-subtitle1 MuiTypography-alignCenter subtitle css-9cgqik-MuiTypography-root"
        style="--Typography-textAlign: center;"
      >
        Join us and unlock your potential!
      </h6>
      <div
        class="MuiBox-root css-9wz0x0"
      >
        <h2
          class="MuiTypography-root MuiTypography-h4 css-11nz2lb-MuiTypography-root"
        >
          Create Your ExamNinja Account
        </h2>
      </div>
      <div
        class="MuiBox-root css-ro5zyg"
      >
        <form
          action="#"
          style="width: 100%;"
        >
          <div
            class="MuiGrid2-root MuiGrid2-container MuiGrid2-direction-xs-row MuiGrid2-spacing-xs-2 css-12ng94v-MuiGrid2-root"
          >
            <div
              class="MuiGrid2-root MuiGrid2-direction-xs-row MuiGrid2-grid-xs-6 css-16po66n-MuiGrid2-root"
            >
              <div
                class="MuiFormControl-root MuiFormControl-fullWidth MuiTextField-root css-y4n9bg-MuiFormControl-root-MuiTextField-root"
              >
                <label
                  class="MuiFormLabel-root MuiInputLabel-root MuiInputLabel-formControl MuiInputLabel-animated MuiInputLabel-sizeMedium MuiInputLabel-outlined MuiFormLabel-colorPrimary MuiInputLabel-root MuiInputLabel-formControl MuiInputLabel-animated MuiInputLabel-sizeMedium MuiInputLabel-outlined css-1q964xs-MuiFormLabel-root-MuiInputLabel-root"
                  data-shrink="false"
                  for=":ra:"
                  id=":ra:-label"
                >
                  First Name
                </label>
                <div
                  class="MuiInputBase-root MuiOutlinedInput-root MuiInputBase-colorPrimary MuiInputBase-fullWidth MuiInputBase-formControl css-1o0kqxp-MuiInputBase-root-MuiOutlinedInput-root"
                >
                  <input
                    aria-invalid="false"
                    class="MuiInputBase-input MuiOutlinedInput-input css-1jk99ih-MuiInputBase-input-MuiOutlinedInput-input"
                    id=":ra:"
                    name="firstName"
                    type="text"
                    value=""
                  />
                  <fieldset
                    aria-hidden="true"
                    class="MuiOutlinedInput-notchedOutline css-1d3z3hw-MuiOutlinedInput-notchedOutline"
                  >
                    <legend
                      class="css-1pbc52w"
                    >
                      <span>
                        First Name
                      </span>
                    </legend>
                  </fieldset>
                </div>
              </div>
            </div>
            <div
              class="MuiGrid2-root MuiGrid2-direction-xs-row MuiGrid2-grid-xs-6 css-16po66n-MuiGrid2-root"
            >
              <div
                class="MuiFormControl-root MuiFormControl-fullWidth MuiTextField-root css-y4n9bg-MuiFormControl-root-MuiTextField-root"
              >
                <label
                  class="MuiFormLabel-root MuiInputLabel-root MuiInputLabel-formControl MuiInputLabel-animated MuiInputLabel-sizeMedium MuiInputLabel-outlined MuiFormLabel-colorPrimary MuiInputLabel-root MuiInputLabel-formControl MuiInputLabel-animated MuiInputLabel-sizeMedium MuiInputLabel-outlined css-1q964xs-MuiFormLabel-root-MuiInputLabel-root"
                  data-shrink="false"
                  for=":rb:"
                  id=":rb:-label"
                >
                  Last Name
                </label>
                <div
                  class="MuiInputBase-root MuiOutlinedInput-root MuiInputBase-colorPrimary MuiInputBase-fullWidth MuiInputBase-formControl css-1o0kqxp-MuiInputBase-root-MuiOutlinedInput-root"
                >
                  <input
                    aria-invalid="false"
                    class="MuiInputBase-input MuiOutlinedInput-input css-1jk99ih-MuiInputBase-input-MuiOutlinedInput-input"
                    id=":rb:"
                    name="lastName"
                    type="text"
                    value=""
                  />
                  <fieldset
                    aria-hidden="true"
                    class="MuiOutlinedInput-notchedOutline css-1d3z3hw-MuiOutlinedInput-notchedOutline"
                  >
                    <legend
                      class="css-1pbc52w"
                    >
                      <span>
                        Last Name
                      </span>
                    </legend>
                  </fieldset>
                </div>
              </div>
            </div>
            <div
              class="MuiGrid2-root MuiGrid2-direction-xs-row MuiGrid2-grid-xs-12 css-5glywb-MuiGrid2-root"
            >
              <div
                class="MuiFormControl-root MuiFormControl-fullWidth MuiTextField-root css-y4n9bg-MuiFormControl-root-MuiTextField-root"
              >
                <label
                  class="MuiFormLabel-root MuiInputLabel-root MuiInputLabel-formControl MuiInputLabel-animated MuiInputLabel-sizeMedium MuiInputLabel-outlined MuiFormLabel-colorPrimary MuiInputLabel-root MuiInputLabel-formControl MuiInputLabel-animated MuiInputLabel-sizeMedium MuiInputLabel-outlined css-1q964xs-MuiFormLabel-root-MuiInputLabel-root"
                  data-shrink="false"
                  for=":rc:"
                  id=":rc:-label"
                >
                  Email Address
                </label>
                <div
                  class="MuiInputBase-root MuiOutlinedInput-root MuiInputBase-colorPrimary MuiInputBase-fullWidth MuiInputBase-formControl css-1o0kqxp-MuiInputBase-root-MuiOutlinedInput-root"
                >
                  <input
                    aria-invalid="false"
                    class="MuiInputBase-input MuiOutlinedInput-input css-1jk99ih-MuiInputBase-input-MuiOutlinedInput-input"
                    id=":rc:"
                    name="email"
                    type="text"
                    value=""
                  />
                  <fieldset
                    aria-hidden="true"
                    class="MuiOutlinedInput-notchedOutline css-1d3z3hw-MuiOutlinedInput-notchedOutline"
                  >
                    <legend
                      class="css-1pbc52w"
                    >
                      <span>
                        Email Address
                      </span>
                    </legend>
                  </fieldset>
                </div>
              </div>
            </div>
            <div
              class="MuiGrid2-root MuiGrid2-direction-xs-row MuiGrid2-grid-xs-12 css-5glywb-MuiGrid2-root"
            >
              <div
                class="MuiFormControl-root MuiFormControl-fullWidth MuiTextField-root css-y4n9bg-MuiFormControl-root-MuiTextField-root"
              >
                <label
                  class="MuiFormLabel-root MuiInputLabel-root MuiInputLabel-formControl MuiInputLabel-animated MuiInputLabel-sizeMedium MuiInputLabel-outlined MuiFormLabel-colorPrimary MuiInputLabel-root MuiInputLabel-formControl MuiInputLabel-animated MuiInputLabel-sizeMedium MuiInputLabel-outlined css-1q964xs-MuiFormLabel-root-MuiInputLabel-root"
                  data-shrink="false"
                  for="pwd"
                  id="pwd-label"
                >
                  Password
                </label>
                <div
                  class="MuiInputBase-root MuiOutlinedInput-root MuiInputBase-colorPrimary MuiInputBase-fullWidth MuiInputBase-formControl css-1o0kqxp-MuiInputBase-root-MuiOutlinedInput-root"
                >
                  <input
                    aria-invalid="false"
                    class="MuiInputBase-input MuiOutlinedInput-input css-1jk99ih-MuiInputBase-input-MuiOutlinedInput-input"
                    id="pwd"
                    name="password"
                    type="password"
                    value=""
                  />
                  <fieldset
                    aria-hidden="true"
                    class="MuiOutlinedInput-notchedOutline css-1d3z3hw-MuiOutlinedInput-notchedOutline"
                  >
                    <legend
                      class="css-1pbc52w"
                    >
                      <span>
                        Password
                      </span>
                    </legend>
                  </fieldset>
                </div>
              </div>
            </div>
            <div
              class="MuiGrid2-root MuiGrid2-direction-xs-row MuiGrid2-grid-xs-12 css-5glywb-MuiGrid2-root"
            >
              <div
                class="MuiFormControl-root MuiFormControl-fullWidth MuiTextField-root css-y4n9bg-MuiFormControl-root-MuiTextField-root"
              >
                <label
                  class="MuiFormLabel-root MuiInputLabel-root MuiInputLabel-formControl MuiInputLabel-animated MuiInputLabel-sizeMedium MuiInputLabel-outlined MuiFormLabel-colorPrimary MuiInputLabel-root MuiInputLabel-formControl MuiInputLabel-animated MuiInputLabel-sizeMedium MuiInputLabel-outlined css-1q964xs-MuiFormLabel-root-MuiInputLabel-root"
                  data-shrink="false"
                  for="confirmP"
                  id="confirmP-label"
                >
                  Confirm Password
                </label>
                <div
                  class="MuiInputBase-root MuiOutlinedInput-root MuiInputBase-colorPrimary MuiInputBase-fullWidth MuiInputBase-formControl css-1o0kqxp-MuiInputBase-root-MuiOutlinedInput-root"
                >
                  <input
                    aria-invalid="false"
                    class="MuiInputBase-input MuiOutlinedInput-input css-1jk99ih-MuiInputBase-input-MuiOutlinedInput-input"
                    id="confirmP"
                    name="confirmPassword"
                    type="password"
                    value=""
                  />
                  <fieldset
                    aria-hidden="true"
                    class="MuiOutlinedInput-notchedOutline css-1d3z3hw-MuiOutlinedInput-notchedOutline"
                  >
                    <legend
                      class="css-1pbc52w"
                    >
                      <span>
                        Confirm Password
                      </span>
                    </legend>
                  </fieldset>
                </div>
              </div>
            </div>
          </div>
          <button
            class="MuiButtonBase-root MuiButton-root MuiButton-contained MuiButton-containedPrimary MuiButton-sizeMedium MuiButton-containedSizeMedium MuiButton-colorPrimary MuiButton-fullWidth MuiButton-root MuiButton-contained MuiButton-containedPrimary MuiButton-sizeMedium MuiButton-containedSizeMedium MuiButton-colorPrimary MuiButton-fullWidth css-6ufqiw-MuiButtonBase-root-MuiButton-root"
            tabindex="0"
            type="submit"
          >
            Create Account
          </button>
        </form>
        <p
          class="MuiTypography-root MuiTypography-body2 css-pvs9cr-MuiTypography-root"
        >
          Already have an account? 
          <a
            class="Loginlink"
            href="/login"
            style="text-decoration: none;"
            variant="body2"
          >
            Log In
          </a>
        </p>
      </div>
    </div>
  </div>
</DocumentFragment>
`;
